{"kind":"VerdictRequest","sha256":"","guid":"d77c0f61-ac73-4320-b77b-c7ffe64c3327","session_id":"","verdict_request_attributes":null,"use_cache":false,"use_shed":false}
