{"kind":"VerdictRequest","sha256":"","guid":"5208034c-44f2-4b8e-a96b-4c05bd663224","session_id":"","verdict_request_attributes":null}
